###############################################################################
#
# IAR ELF Linker V9.50.1.380/W64 for ARM                  29/Oct/2024  22:12:33
# Copyright 2007-2023 IAR Systems AB.
#
#    Output file  =
#        C:\Users\user\Documents\servodrive\V2\EWARM\DC_servodrive_v2\Exe\DC_servodrive_v2.out
#    Map file     =
#        C:\Users\user\Documents\servodrive\V2\EWARM\DC_servodrive_v2\List\DC_servodrive_v2.map
#    Command line =
#        -f
#        C:\Users\user\Documents\servodrive\V2\EWARM\DC_servodrive_v2\Exe\DC_servodrive_v2.out.rsp
#        (C:\Users\user\Documents\servodrive\V2\EWARM\DC_servodrive_v2\Obj\Core_13247989168731456611.dir\adc.o
#        C:\Users\user\Documents\servodrive\V2\EWARM\DC_servodrive_v2\Obj\Core_13247989168731456611.dir\dma.o
#        C:\Users\user\Documents\servodrive\V2\EWARM\DC_servodrive_v2\Obj\Core_13247989168731456611.dir\gpio.o
#        C:\Users\user\Documents\servodrive\V2\EWARM\DC_servodrive_v2\Obj\Core_13247989168731456611.dir\iwdg.o
#        C:\Users\user\Documents\servodrive\V2\EWARM\DC_servodrive_v2\Obj\Core_13247989168731456611.dir\main.o
#        C:\Users\user\Documents\servodrive\V2\EWARM\DC_servodrive_v2\Obj\Core_13247989168731456611.dir\PID_fast.o
#        C:\Users\user\Documents\servodrive\V2\EWARM\DC_servodrive_v2\Obj\EWARM_18443280873093131863.dir\startup_stm32f103xb.o
#        C:\Users\user\Documents\servodrive\V2\EWARM\DC_servodrive_v2\Obj\STM32F1xx_HAL_Driver_9701002599162248031.dir\stm32f1xx_hal.o
#        C:\Users\user\Documents\servodrive\V2\EWARM\DC_servodrive_v2\Obj\STM32F1xx_HAL_Driver_9701002599162248031.dir\stm32f1xx_hal_adc.o
#        C:\Users\user\Documents\servodrive\V2\EWARM\DC_servodrive_v2\Obj\STM32F1xx_HAL_Driver_9701002599162248031.dir\stm32f1xx_hal_adc_ex.o
#        C:\Users\user\Documents\servodrive\V2\EWARM\DC_servodrive_v2\Obj\STM32F1xx_HAL_Driver_9701002599162248031.dir\stm32f1xx_hal_cortex.o
#        C:\Users\user\Documents\servodrive\V2\EWARM\DC_servodrive_v2\Obj\STM32F1xx_HAL_Driver_9701002599162248031.dir\stm32f1xx_hal_dma.o
#        C:\Users\user\Documents\servodrive\V2\EWARM\DC_servodrive_v2\Obj\STM32F1xx_HAL_Driver_9701002599162248031.dir\stm32f1xx_hal_exti.o
#        C:\Users\user\Documents\servodrive\V2\EWARM\DC_servodrive_v2\Obj\STM32F1xx_HAL_Driver_9701002599162248031.dir\stm32f1xx_hal_flash.o
#        C:\Users\user\Documents\servodrive\V2\EWARM\DC_servodrive_v2\Obj\STM32F1xx_HAL_Driver_9701002599162248031.dir\stm32f1xx_hal_flash_ex.o
#        C:\Users\user\Documents\servodrive\V2\EWARM\DC_servodrive_v2\Obj\STM32F1xx_HAL_Driver_9701002599162248031.dir\stm32f1xx_hal_gpio.o
#        C:\Users\user\Documents\servodrive\V2\EWARM\DC_servodrive_v2\Obj\STM32F1xx_HAL_Driver_9701002599162248031.dir\stm32f1xx_hal_gpio_ex.o
#        C:\Users\user\Documents\servodrive\V2\EWARM\DC_servodrive_v2\Obj\STM32F1xx_HAL_Driver_9701002599162248031.dir\stm32f1xx_hal_iwdg.o
#        C:\Users\user\Documents\servodrive\V2\EWARM\DC_servodrive_v2\Obj\Core_13247989168731456611.dir\stm32f1xx_hal_msp.o
#        C:\Users\user\Documents\servodrive\V2\EWARM\DC_servodrive_v2\Obj\STM32F1xx_HAL_Driver_9701002599162248031.dir\stm32f1xx_hal_pwr.o
#        C:\Users\user\Documents\servodrive\V2\EWARM\DC_servodrive_v2\Obj\STM32F1xx_HAL_Driver_9701002599162248031.dir\stm32f1xx_hal_rcc.o
#        C:\Users\user\Documents\servodrive\V2\EWARM\DC_servodrive_v2\Obj\STM32F1xx_HAL_Driver_9701002599162248031.dir\stm32f1xx_hal_rcc_ex.o
#        C:\Users\user\Documents\servodrive\V2\EWARM\DC_servodrive_v2\Obj\STM32F1xx_HAL_Driver_9701002599162248031.dir\stm32f1xx_hal_tim.o
#        C:\Users\user\Documents\servodrive\V2\EWARM\DC_servodrive_v2\Obj\STM32F1xx_HAL_Driver_9701002599162248031.dir\stm32f1xx_hal_tim_ex.o
#        C:\Users\user\Documents\servodrive\V2\EWARM\DC_servodrive_v2\Obj\STM32F1xx_HAL_Driver_9701002599162248031.dir\stm32f1xx_hal_uart.o
#        C:\Users\user\Documents\servodrive\V2\EWARM\DC_servodrive_v2\Obj\Core_13247989168731456611.dir\stm32f1xx_it.o
#        C:\Users\user\Documents\servodrive\V2\EWARM\DC_servodrive_v2\Obj\CMSIS_6603591812247902717.dir\system_stm32f1xx.o
#        C:\Users\user\Documents\servodrive\V2\EWARM\DC_servodrive_v2\Obj\Core_13247989168731456611.dir\tim.o
#        C:\Users\user\Documents\servodrive\V2\EWARM\DC_servodrive_v2\Obj\Core_13247989168731456611.dir\usart.o
#        --no_out_extension -o
#        C:\Users\user\Documents\servodrive\V2\EWARM\DC_servodrive_v2\Exe\DC_servodrive_v2.out
#        --redirect _Printf=_PrintfFullNoMb --redirect _Scanf=_ScanfFullNoMb
#        --map
#        C:\Users\user\Documents\servodrive\V2\EWARM\DC_servodrive_v2\List\DC_servodrive_v2.map
#        --config
#        C:\Users\user\Documents\servodrive\V2\EWARM/stm32f103xb_flash.icf
#        --semihosting --entry __iar_program_start --vfe --text_out locale
#        --cpu=Cortex-M3 --fpu=None) --dependencies=n
#        C:\Users\user\Documents\servodrive\V2\EWARM\DC_servodrive_v2\Exe\DC_servodrive_v2.out.iar_deps
#
###############################################################################

*******************************************************************************
*** RUNTIME MODEL ATTRIBUTES
***

CppFlavor       = *
__CPP_Runtime   = 1
__SystemLibrary = DLib
__dlib_version  = 6


*******************************************************************************
*** HEAP SELECTION
***

The basic heap was selected because --advanced_heap
was not specified and the application did not appear to
be primarily optimized for speed.


*******************************************************************************
*** PLACEMENT SUMMARY
***

"A0":  place at address 0x800'0000 { ro section .intvec };
"P1":  place in [from 0x800'0000 to 0x801'ffff] { ro };
define block CSTACK with size = 1K, alignment = 8 { };
define block HEAP with size = 512, alignment = 8 { };
"P2":  place in [from 0x2000'0000 to 0x2000'4fff] {
          rw, block CSTACK, block HEAP };
initialize by copy { rw };

  Section            Kind         Address  Aligment    Size  Object
  -------            ----         -------  --------    ----  ------
"A0":                                                  0xec
  .intvec            ro code   0x800'0000         4    0xec  startup_stm32f103xb.o [3]
                             - 0x800'00ec              0xec

"P1":                                                0x2f04
  .text              ro code   0x800'00ec         4   0x7e2  stm32f1xx_hal_tim.o [4]
  .text              ro code   0x800'08ce         2    0x2a  copy_init3.o [6]
  .text              ro code   0x800'08f8         4   0x2f0  tim.o [2]
  .text              ro code   0x800'0be8         2     0x2  stm32f1xx_hal_tim.o [4]
  .text              ro code   0x800'0bea         2     0x2  stm32f1xx_hal_tim.o [4]
  .text              ro code   0x800'0bec         2     0x2  stm32f1xx_hal_tim.o [4]
  .text              ro code   0x800'0bee         2     0x2  stm32f1xx_hal_tim_ex.o [4]
  .text              ro code   0x800'0bf0         2     0x2  stm32f1xx_hal_tim.o [4]
  .text              ro code   0x800'0bf2         2     0x2  stm32f1xx_hal_tim_ex.o [4]
  .text              ro code   0x800'0bf4         2     0x2  stm32f1xx_hal_tim.o [4]
  .text              ro code   0x800'0bf8         4    0x12  ABImemset_small.o [6]
  .text              ro code   0x800'0c0c         4   0x4f8  main.o [2]
  .text              ro code   0x800'1104         4    0x64  stm32f1xx_hal_tim_ex.o [4]
  .text              ro code   0x800'1168         4   0x214  stm32f1xx_hal_gpio.o [4]
  .text              ro code   0x800'137c         4    0xbc  stm32f1xx_hal_cortex.o [4]
  .text              ro code   0x800'1438         4    0x24  stm32f1xx_hal.o [4]
  .text              ro code   0x800'145c         4   0x124  gpio.o [2]
  .text              ro code   0x800'1580         4    0x30  dma.o [2]
  .text              ro code   0x800'15b0         4   0x128  adc.o [2]
  .text              ro code   0x800'16d8         4    0x2c  iwdg.o [2]
  .text              ro code   0x800'1704         4    0xd0  usart.o [2]
  .text              ro code   0x800'17d4         4   0x4c2  stm32f1xx_hal_adc.o [4]
  .text              ro code   0x800'1c98         4    0x28  stm32f1xx_hal.o [4]
  .text              ro code   0x800'1cc0         2    0x5e  stm32f1xx_hal_iwdg.o [4]
  .text              ro code   0x800'1d20         4   0x188  PID_fast.o [2]
  .text              ro code   0x800'1ea8         4   0x4b6  stm32f1xx_hal_rcc.o [4]
  .text              ro code   0x800'2360         4    0xe8  stm32f1xx_hal_rcc_ex.o [4]
  .text              ro code   0x800'2448         2     0x2  stm32f1xx_hal_gpio.o [4]
  .text              ro code   0x800'244c         4    0x40  stm32f1xx_hal.o [4]
  .text              ro code   0x800'248c         4    0x40  stm32f1xx_hal_msp.o [2]
  .text              ro code   0x800'24cc         4   0x352  stm32f1xx_hal_dma.o [4]
  .text              ro code   0x800'2820         4   0x504  stm32f1xx_hal_uart.o [4]
  .text              ro code   0x800'2d24         4     0xc  stm32f1xx_hal.o [4]
  .text              ro code   0x800'2d30         2     0x2  stm32f1xx_hal_adc.o [4]
  .text              ro code   0x800'2d32         2     0x2  stm32f1xx_hal_adc.o [4]
  .text              ro code   0x800'2d34         2     0x2  stm32f1xx_hal_adc.o [4]
  .text              ro code   0x800'2d36         2     0x2  stm32f1xx_hal_uart.o [4]
  .text              ro code   0x800'2d38         2     0x2  stm32f1xx_hal_uart.o [4]
  .text              ro code   0x800'2d3a         2     0x2  stm32f1xx_hal_uart.o [4]
  .text              ro code   0x800'2d3c         2     0x2  stm32f1xx_hal_uart.o [4]
  .text              ro code   0x800'2d40         4    0xde  stm32f1xx_it.o [2]
  .text              ro code   0x800'2e20         4    0x10  stm32f1xx_hal.o [4]
  .text              ro code   0x800'2e30         2    0x38  zero_init3.o [6]
  .text              ro code   0x800'2e68         4    0x2a  data_init.o [6]
  .iar.init_table    const     0x800'2e94         4    0x24  - Linker created -
  .text              ro code   0x800'2eb8         4    0x1e  cmain.o [6]
  .text              ro code   0x800'2ed6         2     0x4  low_level_init.o [5]
  .text              ro code   0x800'2eda         2     0x4  exit.o [5]
  .text              ro code   0x800'2ee0         4     0xa  cexit.o [6]
  .text              ro code   0x800'2eec         4    0x14  exit.o [7]
  .text              ro code   0x800'2f00         4    0x1c  cstartup_M.o [6]
  .text              ro code   0x800'2f1c         4    0x14  system_stm32f1xx.o [1]
  .text              ro code   0x800'2f30         4    0x10  startup_stm32f103xb.o [3]
  Initializer bytes  const     0x800'2f40         4    0x10  <for P2-1>
  .rodata            const     0x800'2f50         4     0x8  system_stm32f1xx.o [1]
  .text              ro code   0x800'2f58         2     0x4  startup_stm32f103xb.o [3]
  .text              ro code   0x800'2f5c         2     0x4  startup_stm32f103xb.o [3]
  .text              ro code   0x800'2f60         2     0x4  startup_stm32f103xb.o [3]
  .text              ro code   0x800'2f64         2     0x4  startup_stm32f103xb.o [3]
  .text              ro code   0x800'2f68         2     0x4  startup_stm32f103xb.o [3]
  .text              ro code   0x800'2f6c         2     0x4  startup_stm32f103xb.o [3]
  .text              ro code   0x800'2f70         2     0x4  startup_stm32f103xb.o [3]
  .text              ro code   0x800'2f74         2     0x4  startup_stm32f103xb.o [3]
  .text              ro code   0x800'2f78         2     0x4  startup_stm32f103xb.o [3]
  .text              ro code   0x800'2f7c         2     0x4  startup_stm32f103xb.o [3]
  .text              ro code   0x800'2f80         2     0x4  startup_stm32f103xb.o [3]
  .text              ro code   0x800'2f84         2     0x4  startup_stm32f103xb.o [3]
  .text              ro code   0x800'2f88         2     0x4  startup_stm32f103xb.o [3]
  .text              ro code   0x800'2f8c         2     0x4  startup_stm32f103xb.o [3]
  .text              ro code   0x800'2f90         2     0x4  startup_stm32f103xb.o [3]
  .text              ro code   0x800'2f94         2     0x4  startup_stm32f103xb.o [3]
  .text              ro code   0x800'2f98         2     0x4  startup_stm32f103xb.o [3]
  .text              ro code   0x800'2f9c         2     0x4  startup_stm32f103xb.o [3]
  .text              ro code   0x800'2fa0         2     0x4  startup_stm32f103xb.o [3]
  .text              ro code   0x800'2fa4         2     0x4  startup_stm32f103xb.o [3]
  .text              ro code   0x800'2fa8         2     0x4  startup_stm32f103xb.o [3]
  .text              ro code   0x800'2fac         2     0x4  startup_stm32f103xb.o [3]
  .text              ro code   0x800'2fb0         2     0x4  startup_stm32f103xb.o [3]
  .text              ro code   0x800'2fb4         2     0x4  startup_stm32f103xb.o [3]
  .text              ro code   0x800'2fb8         2     0x4  startup_stm32f103xb.o [3]
  .text              ro code   0x800'2fbc         2     0x4  startup_stm32f103xb.o [3]
  .text              ro code   0x800'2fc0         2     0x4  startup_stm32f103xb.o [3]
  .text              ro code   0x800'2fc4         2     0x4  startup_stm32f103xb.o [3]
  .text              ro code   0x800'2fc8         2     0x4  startup_stm32f103xb.o [3]
  .text              ro code   0x800'2fcc         2     0x4  startup_stm32f103xb.o [3]
  .text              ro code   0x800'2fd0         2     0x4  startup_stm32f103xb.o [3]
  .text              ro code   0x800'2fd4         2     0x4  startup_stm32f103xb.o [3]
  .text              ro code   0x800'2fd8         2     0x4  startup_stm32f103xb.o [3]
  .text              ro code   0x800'2fdc         2     0x4  startup_stm32f103xb.o [3]
  .text              ro code   0x800'2fe0         2     0x4  startup_stm32f103xb.o [3]
  .text              ro code   0x800'2fe4         2     0x4  startup_stm32f103xb.o [3]
  .text              ro code   0x800'2fe8         2     0x4  startup_stm32f103xb.o [3]
  .text              ro code   0x800'2fec         2     0x4  startup_stm32f103xb.o [3]
  .rodata            const     0x800'2ff0               0x0  zero_init3.o [6]
  .rodata            const     0x800'2ff0               0x0  copy_init3.o [6]
                             - 0x800'2ff0            0x2f04

"P2", part 1 of 3:                                     0x10
  P2-1                        0x2000'0000         4    0x10  <Init block>
    .data            inited   0x2000'0000         4     0xc  stm32f1xx_hal.o [4]
    .data            inited   0x2000'000c         4     0x4  system_stm32f1xx.o [1]
                            - 0x2000'0010              0x10

"P2", part 2 of 3:                                    0x298
  .bss               zero     0x2000'0010         8    0xb0  main.o [2]
  .bss               zero     0x2000'00c0         4    0x48  tim.o [2]
  .bss               zero     0x2000'0108         4    0x48  tim.o [2]
  .bss               zero     0x2000'0150         4    0x48  tim.o [2]
  .bss               zero     0x2000'0198         4    0x48  tim.o [2]
  .bss               zero     0x2000'01e0         4    0x48  usart.o [2]
  .bss               zero     0x2000'0228         4    0x44  adc.o [2]
  .bss               zero     0x2000'026c         4    0x30  adc.o [2]
  .bss               zero     0x2000'029c         4     0xc  iwdg.o [2]
                            - 0x2000'02a8             0x298

"P2", part 3 of 3:                                    0x400
  CSTACK                      0x2000'02a8         8   0x400  <Block>
    CSTACK           uninit   0x2000'02a8             0x400  <Block tail>
                            - 0x2000'06a8             0x400

Unused ranges:

         From           To      Size
         ----           --      ----
   0x800'2ff0   0x801'ffff  0x1'd010
  0x2000'06a8  0x2000'4fff    0x4958


*******************************************************************************
*** INIT TABLE
***

          Address      Size
          -------      ----
Zero (__iar_zero_init3)
    1 destination range, total size 0x298:
          0x2000'0010  0x298

Copy (__iar_copy_init3)
    1 source range, total size 0x10:
           0x800'2f40   0x10
    1 destination range, total size 0x10:
          0x2000'0000   0x10



*******************************************************************************
*** MODULE SUMMARY
***

    Module                  ro code  ro data  rw data
    ------                  -------  -------  -------
command line/config:
    -------------------------------------------------
    Total:

C:\Users\user\Documents\servodrive\V2\EWARM\DC_servodrive_v2\Obj\CMSIS_6603591812247902717.dir: [1]
    system_stm32f1xx.o           20       12        4
    -------------------------------------------------
    Total:                       20       12        4

C:\Users\user\Documents\servodrive\V2\EWARM\DC_servodrive_v2\Obj\Core_13247989168731456611.dir: [2]
    PID_fast.o                  392
    adc.o                       296               116
    dma.o                        48
    gpio.o                      292
    iwdg.o                       44                12
    main.o                    1'272               176
    stm32f1xx_hal_msp.o          64
    stm32f1xx_it.o              222
    tim.o                       752               288
    usart.o                     208                72
    -------------------------------------------------
    Total:                    3'590               664

C:\Users\user\Documents\servodrive\V2\EWARM\DC_servodrive_v2\Obj\EWARM_18443280873093131863.dir: [3]
    startup_stm32f103xb.o       404
    -------------------------------------------------
    Total:                      404

C:\Users\user\Documents\servodrive\V2\EWARM\DC_servodrive_v2\Obj\STM32F1xx_HAL_Driver_9701002599162248031.dir: [4]
    stm32f1xx_hal.o             168       12       12
    stm32f1xx_hal_adc.o       1'224
    stm32f1xx_hal_cortex.o      188
    stm32f1xx_hal_dma.o         850
    stm32f1xx_hal_gpio.o        534
    stm32f1xx_hal_iwdg.o         94
    stm32f1xx_hal_rcc.o       1'206
    stm32f1xx_hal_rcc_ex.o      232
    stm32f1xx_hal_tim.o       2'028
    stm32f1xx_hal_tim_ex.o      104
    stm32f1xx_hal_uart.o      1'292
    -------------------------------------------------
    Total:                    7'920       12       12

dl7M_tln.a: [5]
    exit.o                        4
    low_level_init.o              4
    -------------------------------------------------
    Total:                        8

rt7M_tl.a: [6]
    ABImemset_small.o            18
    cexit.o                      10
    cmain.o                      30
    copy_init3.o                 42
    cstartup_M.o                 28
    data_init.o                  42
    zero_init3.o                 56
    -------------------------------------------------
    Total:                      226

shb_l.a: [7]
    exit.o                       20
    -------------------------------------------------
    Total:                       20

    Gaps                         22        2
    Linker created                        36    1'024
-----------------------------------------------------
    Grand Total:             12'210       62    1'704


*******************************************************************************
*** ENTRY LIST
***

Entry                       Address   Size  Type      Object
-----                       -------   ----  ----      ------
.iar.init_table$$Base    0x800'2e94          --   Gb  - Linker created -
.iar.init_table$$Limit   0x800'2eb8          --   Gb  - Linker created -
?main                    0x800'2eb9         Code  ??  cmain.o [6]
ADC1_2_IRQHandler        0x800'2f99         Code  Wk  startup_stm32f103xb.o [3]
ADC_ConversionStop_Disable
                         0x800'1be1   0x48  Code  ??  stm32f1xx_hal_adc.o [4]
ADC_DMAConvCplt          0x800'1c31   0x48  Code  ??  stm32f1xx_hal_adc.o [4]
ADC_DMAError             0x800'1c81   0x16  Code  ??  stm32f1xx_hal_adc.o [4]
ADC_DMAHalfConvCplt      0x800'1c79    0x6  Code  ??  stm32f1xx_hal_adc.o [4]
ADC_Enable               0x800'1b4f   0x6c  Code  ??  stm32f1xx_hal_adc.o [4]
AHBPrescTable            0x800'2f20   0x10  Data  ??  system_stm32f1xx.o [1]
APBPrescTable            0x800'2f50    0x8  Data  ??  system_stm32f1xx.o [1]
BusFault_Handler         0x800'2d47    0x2  Code  ??  stm32f1xx_it.o [2]
CAN1_RX1_IRQHandler      0x800'2fa5         Code  Wk  startup_stm32f103xb.o [3]
CAN1_SCE_IRQHandler      0x800'2fa9         Code  Wk  startup_stm32f103xb.o [3]
CSTACK$$Base            0x2000'02a8          --   Gb  - Linker created -
CSTACK$$Limit           0x2000'06a8          --   ??  - Linker created -
DMA1_Channel1_IRQHandler
                         0x800'2d63    0x6  Code  ??  stm32f1xx_it.o [2]
DMA1_Channel2_IRQHandler
                         0x800'2f81         Code  Wk  startup_stm32f103xb.o [3]
DMA1_Channel3_IRQHandler
                         0x800'2f85         Code  Wk  startup_stm32f103xb.o [3]
DMA1_Channel4_IRQHandler
                         0x800'2f89         Code  Wk  startup_stm32f103xb.o [3]
DMA1_Channel5_IRQHandler
                         0x800'2f8d         Code  Wk  startup_stm32f103xb.o [3]
DMA1_Channel6_IRQHandler
                         0x800'2f91         Code  Wk  startup_stm32f103xb.o [3]
DMA1_Channel7_IRQHandler
                         0x800'2f95         Code  Wk  startup_stm32f103xb.o [3]
DMA_SetConfig            0x800'27fd   0x22  Code  Lc  stm32f1xx_hal_dma.o [4]
DebugMon_Handler         0x800'2d4d    0x2  Code  ??  stm32f1xx_it.o [2]
EXTI0_IRQHandler         0x800'2f71         Code  Wk  startup_stm32f103xb.o [3]
EXTI15_10_IRQHandler     0x800'2fe5         Code  Wk  startup_stm32f103xb.o [3]
EXTI1_IRQHandler         0x800'2f75         Code  Wk  startup_stm32f103xb.o [3]
EXTI2_IRQHandler         0x800'2f79         Code  Wk  startup_stm32f103xb.o [3]
EXTI3_IRQHandler         0x800'2f7d         Code  Wk  startup_stm32f103xb.o [3]
EXTI4_IRQHandler         0x800'2d55    0xe  Code  ??  stm32f1xx_it.o [2]
EXTI9_5_IRQHandler       0x800'2d69    0xe  Code  ??  stm32f1xx_it.o [2]
Error_Handler            0x800'1101    0x4  Code  ??  main.o [2]
FLASH_IRQHandler         0x800'2f69         Code  Wk  startup_stm32f103xb.o [3]
HAL_ADC_ConfigChannel    0x800'1a55   0xee  Code  ??  stm32f1xx_hal_adc.o [4]
HAL_ADC_ConvCpltCallback
                         0x800'2d31    0x2  Code  Wk  stm32f1xx_hal_adc.o [4]
HAL_ADC_ConvHalfCpltCallback
                         0x800'2d33    0x2  Code  Wk  stm32f1xx_hal_adc.o [4]
HAL_ADC_ErrorCallback    0x800'2d35    0x2  Code  Wk  stm32f1xx_hal_adc.o [4]
HAL_ADC_Init             0x800'17d5   0xf4  Code  ??  stm32f1xx_hal_adc.o [4]
HAL_ADC_MspInit          0x800'1639   0x86  Code  ??  adc.o [2]
HAL_ADC_Start_DMA        0x800'18f7   0xfe  Code  ??  stm32f1xx_hal_adc.o [4]
HAL_ADC_Stop             0x800'18c9   0x2e  Code  ??  stm32f1xx_hal_adc.o [4]
HAL_ADC_Stop_DMA         0x800'1a01   0x54  Code  ??  stm32f1xx_hal_adc.o [4]
HAL_DMA_Abort            0x800'25bb   0x48  Code  ??  stm32f1xx_hal_dma.o [4]
HAL_DMA_Abort_IT         0x800'2603   0x9a  Code  ??  stm32f1xx_hal_dma.o [4]
HAL_DMA_IRQHandler       0x800'269d  0x13c  Code  ??  stm32f1xx_hal_dma.o [4]
HAL_DMA_Init             0x800'24cd   0x5a  Code  ??  stm32f1xx_hal_dma.o [4]
HAL_DMA_Start_IT         0x800'2533   0x62  Code  ??  stm32f1xx_hal_dma.o [4]
HAL_Delay                0x800'1c99   0x28  Code  Wk  stm32f1xx_hal.o [4]
HAL_GPIO_EXTI_Callback   0x800'2449    0x2  Code  Wk  stm32f1xx_hal_gpio.o [4]
HAL_GPIO_EXTI_IRQHandler
                         0x800'1331   0x12  Code  ??  stm32f1xx_hal_gpio.o [4]
HAL_GPIO_Init            0x800'1169  0x1a4  Code  ??  stm32f1xx_hal_gpio.o [4]
HAL_GPIO_ReadPin         0x800'130d    0xc  Code  ??  stm32f1xx_hal_gpio.o [4]
HAL_GPIO_TogglePin       0x800'1321   0x10  Code  ??  stm32f1xx_hal_gpio.o [4]
HAL_GPIO_WritePin        0x800'1319    0x8  Code  ??  stm32f1xx_hal_gpio.o [4]
HAL_GetTick              0x800'2d25    0xc  Code  Wk  stm32f1xx_hal.o [4]
HAL_IWDG_Init            0x800'1cc1   0x52  Code  ??  stm32f1xx_hal_iwdg.o [4]
HAL_IWDG_Refresh         0x800'1d13    0xc  Code  ??  stm32f1xx_hal_iwdg.o [4]
HAL_IncTick              0x800'2e21   0x10  Code  Wk  stm32f1xx_hal.o [4]
HAL_Init                 0x800'1439   0x20  Code  ??  stm32f1xx_hal.o [4]
HAL_InitTick             0x800'244d   0x40  Code  Wk  stm32f1xx_hal.o [4]
HAL_MspInit              0x800'248d   0x40  Code  ??  stm32f1xx_hal_msp.o [2]
HAL_NVIC_EnableIRQ       0x800'13e9   0x16  Code  ??  stm32f1xx_hal_cortex.o [4]
HAL_NVIC_SetPriority     0x800'13ab   0x3e  Code  ??  stm32f1xx_hal_cortex.o [4]
HAL_NVIC_SetPriorityGrouping
                         0x800'1397   0x14  Code  ??  stm32f1xx_hal_cortex.o [4]
HAL_RCCEx_PeriphCLKConfig
                         0x800'2361   0xda  Code  ??  stm32f1xx_hal_rcc_ex.o [4]
HAL_RCC_ClockConfig      0x800'21ab  0x116  Code  ??  stm32f1xx_hal_rcc.o [4]
HAL_RCC_GetPCLK1Freq     0x800'22f9   0x10  Code  ??  stm32f1xx_hal_rcc.o [4]
HAL_RCC_GetPCLK2Freq     0x800'2309    0xe  Code  ??  stm32f1xx_hal_rcc.o [4]
HAL_RCC_GetSysClockFreq
                         0x800'22c1   0x38  Code  ??  stm32f1xx_hal_rcc.o [4]
HAL_RCC_GetSysClockFreq::aPLLMULFactorTable
                         0x800'234c   0x10  Data  Lc  stm32f1xx_hal_rcc.o [4]
HAL_RCC_GetSysClockFreq::aPredivFactorTable
                         0x800'235c    0x2  Data  Lc  stm32f1xx_hal_rcc.o [4]
HAL_RCC_OscConfig        0x800'1ea9  0x2fa  Code  ??  stm32f1xx_hal_rcc.o [4]
HAL_SYSTICK_Config       0x800'13ff   0x22  Code  ??  stm32f1xx_hal_cortex.o [4]
HAL_TIMEx_BreakCallback
                         0x800'0bef    0x2  Code  Wk  stm32f1xx_hal_tim_ex.o [4]
HAL_TIMEx_CommutCallback
                         0x800'0bf3    0x2  Code  Wk  stm32f1xx_hal_tim_ex.o [4]
HAL_TIMEx_MasterConfigSynchronization
                         0x800'1105   0x56  Code  ??  stm32f1xx_hal_tim_ex.o [4]
HAL_TIM_Base_Init        0x800'00ed   0x1a  Code  ??  stm32f1xx_hal_tim.o [4]
HAL_TIM_Base_MspInit     0x800'0b05   0x34  Code  ??  tim.o [2]
HAL_TIM_Base_Start_IT    0x800'0107   0x5a  Code  ??  stm32f1xx_hal_tim.o [4]
HAL_TIM_ConfigClockSource
                         0x800'05e5   0xac  Code  ??  stm32f1xx_hal_tim.o [4]
HAL_TIM_Encoder_Init     0x800'0277   0x9e  Code  ??  stm32f1xx_hal_tim.o [4]
HAL_TIM_Encoder_MspInit
                         0x800'0a73   0x5a  Code  ??  tim.o [2]
HAL_TIM_Encoder_Start    0x800'0319   0x60  Code  ??  stm32f1xx_hal_tim.o [4]
HAL_TIM_IC_CaptureCallback
                         0x800'0be9    0x2  Code  Wk  stm32f1xx_hal_tim.o [4]
HAL_TIM_IRQHandler       0x800'03c1  0x142  Code  ??  stm32f1xx_hal_tim.o [4]
HAL_TIM_MspPostInit      0x800'0b39   0x72  Code  ??  tim.o [2]
HAL_TIM_OC_DelayElapsedCallback
                         0x800'0beb    0x2  Code  Wk  stm32f1xx_hal_tim.o [4]
HAL_TIM_PWM_ConfigChannel
                         0x800'0513   0xb6  Code  ??  stm32f1xx_hal_tim.o [4]
HAL_TIM_PWM_Init         0x800'0189   0x1a  Code  ??  stm32f1xx_hal_tim.o [4]
HAL_TIM_PWM_MspInit      0x800'0ae3   0x22  Code  ??  tim.o [2]
HAL_TIM_PWM_PulseFinishedCallback
                         0x800'0bf5    0x2  Code  Wk  stm32f1xx_hal_tim.o [4]
HAL_TIM_PWM_Start        0x800'01b3   0x74  Code  ??  stm32f1xx_hal_tim.o [4]
HAL_TIM_PeriodElapsedCallback
                         0x800'0bed    0x2  Code  Wk  stm32f1xx_hal_tim.o [4]
HAL_TIM_TriggerCallback
                         0x800'0bf1    0x2  Code  Wk  stm32f1xx_hal_tim.o [4]
HAL_UARTEx_RxEventCallback
                         0x800'2d39    0x2  Code  Wk  stm32f1xx_hal_uart.o [4]
HAL_UART_ErrorCallback   0x800'2d37    0x2  Code  Wk  stm32f1xx_hal_uart.o [4]
HAL_UART_IRQHandler      0x800'28cb  0x278  Code  ??  stm32f1xx_hal_uart.o [4]
HAL_UART_Init            0x800'2821   0x20  Code  ??  stm32f1xx_hal_uart.o [4]
HAL_UART_MspInit         0x800'1739   0x88  Code  ??  usart.o [2]
HAL_UART_RxCpltCallback
                         0x800'2d3d    0x2  Code  Wk  stm32f1xx_hal_uart.o [4]
HAL_UART_TxCpltCallback
                         0x800'2d3b    0x2  Code  Wk  stm32f1xx_hal_uart.o [4]
HardFault_Handler        0x800'2d43    0x2  Code  ??  stm32f1xx_it.o [2]
I2C1_ER_IRQHandler       0x800'2fc9         Code  Wk  startup_stm32f103xb.o [3]
I2C1_EV_IRQHandler       0x800'2fc5         Code  Wk  startup_stm32f103xb.o [3]
I2C2_ER_IRQHandler       0x800'2fd1         Code  Wk  startup_stm32f103xb.o [3]
I2C2_EV_IRQHandler       0x800'2fcd         Code  Wk  startup_stm32f103xb.o [3]
M1                      0x2000'0010   0x50  Data  ??  main.o [2]
M2                      0x2000'0060   0x50  Data  ??  main.o [2]
MX_ADC1_Init             0x800'15b1   0x7c  Code  ??  adc.o [2]
MX_DMA_Init              0x800'1581   0x30  Code  ??  dma.o [2]
MX_GPIO_Init             0x800'145d   0xf2  Code  ??  gpio.o [2]
MX_IWDG_Init             0x800'16d9   0x2c  Code  ??  iwdg.o [2]
MX_TIM1_Init             0x800'08f9   0x26  Code  ??  tim.o [2]
MX_TIM2_Init             0x800'0929   0x8c  Code  ??  tim.o [2]
MX_TIM3_Init             0x800'09b5   0x26  Code  ??  tim.o [2]
MX_TIM4_Init             0x800'0a1b   0x58  Code  ??  tim.o [2]
MX_USART1_UART_Init      0x800'1705   0x34  Code  ??  usart.o [2]
MemManage_Handler        0x800'2d45    0x2  Code  ??  stm32f1xx_it.o [2]
NMI_Handler              0x800'2d41    0x2  Code  ??  stm32f1xx_it.o [2]
PID_REG                  0x800'1d21  0x188  Code  ??  PID_fast.o [2]
PVD_IRQHandler           0x800'2f5d         Code  Wk  startup_stm32f103xb.o [3]
PWM_out_H_brige          0x800'0fb7   0xb6  Code  Lc  main.o [2]
PendSV_Handler           0x800'2d4f    0x2  Code  ??  stm32f1xx_it.o [2]
RCC_IRQHandler           0x800'2f6d         Code  Wk  startup_stm32f103xb.o [3]
RTC_Alarm_IRQHandler     0x800'2fe9         Code  Wk  startup_stm32f103xb.o [3]
RTC_IRQHandler           0x800'2f65         Code  Wk  startup_stm32f103xb.o [3]
Region$$Table$$Base      0x800'2e94          --   ??  - Linker created -
Region$$Table$$Limit     0x800'2eb8          --   ??  - Linker created -
Reset_Handler            0x800'2f31         Code  Wk  startup_stm32f103xb.o [3]
SPI1_IRQHandler          0x800'2fd5         Code  Wk  startup_stm32f103xb.o [3]
SPI2_IRQHandler          0x800'2fd9         Code  Wk  startup_stm32f103xb.o [3]
SVC_Handler              0x800'2d4b    0x2  Code  ??  stm32f1xx_it.o [2]
Step1_cnt_from_EXTI     0x2000'00bc    0x2  Data  ??  main.o [2]
Step2_cnt_from_EXTI     0x2000'00be    0x2  Data  ??  main.o [2]
SysTick_Handler          0x800'2d51    0x4  Code  ??  stm32f1xx_it.o [2]
SystemClock_Config       0x800'0f2f   0x88  Code  ??  main.o [2]
SystemCoreClock         0x2000'000c    0x4  Data  ??  system_stm32f1xx.o [1]
SystemInit               0x800'2f1d    0x2  Code  ??  system_stm32f1xx.o [1]
TAMPER_IRQHandler        0x800'2f61         Code  Wk  startup_stm32f103xb.o [3]
TIM1_BRK_IRQHandler      0x800'2fad         Code  Wk  startup_stm32f103xb.o [3]
TIM1_CC_IRQHandler       0x800'2fb9         Code  Wk  startup_stm32f103xb.o [3]
TIM1_TRG_COM_IRQHandler
                         0x800'2fb5         Code  Wk  startup_stm32f103xb.o [3]
TIM1_UP_IRQHandler       0x800'2fb1         Code  Wk  startup_stm32f103xb.o [3]
TIM2_IRQHandler          0x800'2fbd         Code  Wk  startup_stm32f103xb.o [3]
TIM3_IRQHandler          0x800'2fc1         Code  Wk  startup_stm32f103xb.o [3]
TIM4_IRQHandler          0x800'2d77   0x2e  Code  ??  stm32f1xx_it.o [2]
TIM_Base_SetConfig       0x800'06a3   0x5e  Code  ??  stm32f1xx_hal_tim.o [4]
TIM_CCxChannelCmd        0x800'08b3   0x1c  Code  ??  stm32f1xx_hal_tim.o [4]
TIM_ETR_SetConfig        0x800'089f   0x14  Code  ??  stm32f1xx_hal_tim.o [4]
TIM_ITRx_SetConfig       0x800'088f   0x10  Code  Lc  stm32f1xx_hal_tim.o [4]
TIM_OC1_SetConfig        0x800'0701   0x44  Code  Lc  stm32f1xx_hal_tim.o [4]
TIM_OC2_SetConfig        0x800'0745   0x52  Code  ??  stm32f1xx_hal_tim.o [4]
TIM_OC3_SetConfig        0x800'0797   0x50  Code  Lc  stm32f1xx_hal_tim.o [4]
TIM_OC4_SetConfig        0x800'07e7   0x40  Code  Lc  stm32f1xx_hal_tim.o [4]
TIM_TI1_ConfigInputStage
                         0x800'0849   0x22  Code  Lc  stm32f1xx_hal_tim.o [4]
TIM_TI2_ConfigInputStage
                         0x800'086b   0x24  Code  Lc  stm32f1xx_hal_tim.o [4]
UART_DMAAbortOnError     0x800'2bd1    0xe  Code  Lc  stm32f1xx_hal_uart.o [4]
UART_EndRxTransfer       0x800'2b73   0x5a  Code  Lc  stm32f1xx_hal_uart.o [4]
UART_Receive_IT          0x800'2be1   0xc0  Code  Lc  stm32f1xx_hal_uart.o [4]
UART_SetConfig           0x800'2ca1   0x7a  Code  Lc  stm32f1xx_hal_uart.o [4]
USART1_IRQHandler        0x800'2da5    0x6  Code  ??  stm32f1xx_it.o [2]
USART2_IRQHandler        0x800'2fdd         Code  Wk  startup_stm32f103xb.o [3]
USART3_IRQHandler        0x800'2fe1         Code  Wk  startup_stm32f103xb.o [3]
USBWakeUp_IRQHandler     0x800'2fed         Code  Wk  startup_stm32f103xb.o [3]
USB_HP_CAN1_TX_IRQHandler
                         0x800'2f9d         Code  Wk  startup_stm32f103xb.o [3]
USB_LP_CAN1_RX0_IRQHandler
                         0x800'2fa1         Code  Wk  startup_stm32f103xb.o [3]
UsageFault_Handler       0x800'2d49    0x2  Code  ??  stm32f1xx_it.o [2]
WWDG_IRQHandler          0x800'2f59         Code  Wk  startup_stm32f103xb.o [3]
__NVIC_SetPriority       0x800'137d   0x1a  Code  Lc  stm32f1xx_hal_cortex.o [4]
__cmain                  0x800'2eb9         Code  ??  cmain.o [6]
__exit                   0x800'2eed   0x14  Code  ??  exit.o [7]
__iar_copy_init3         0x800'08cf   0x2a  Code  ??  copy_init3.o [6]
__iar_data_init3         0x800'2e69   0x18  Code  ??  data_init.o [6]
__iar_program_start      0x800'2f01         Code  ??  cstartup_M.o [6]
__iar_small_Memset       0x800'0bf9         Code  ??  ABImemset_small.o [6]
__iar_small_Memset_word
                         0x800'0bf9         Code  ??  ABImemset_small.o [6]
__iar_small_memset       0x800'0bf9         Code  ??  ABImemset_small.o [6]
__iar_zero_init3         0x800'2e31   0x38  Code  ??  zero_init3.o [6]
__low_level_init         0x800'2ed7    0x4  Code  ??  low_level_init.o [5]
__vector_table           0x800'0000         Data  ??  startup_stm32f103xb.o [3]
_call_main               0x800'2ec5         Code  ??  cmain.o [6]
_exit                    0x800'2ee1         Code  ??  cexit.o [6]
dma                     0x2000'00b4    0x8  Data  ??  main.o [2]
exit                     0x800'2edb    0x4  Code  ??  exit.o [5]
hadc1                   0x2000'026c   0x30  Data  ??  adc.o [2]
hdma_adc1               0x2000'0228   0x44  Data  ??  adc.o [2]
hiwdg                   0x2000'029c    0xc  Data  ??  iwdg.o [2]
htim1                   0x2000'00c0   0x48  Data  ??  tim.o [2]
htim2                   0x2000'0108   0x48  Data  ??  tim.o [2]
htim3                   0x2000'0150   0x48  Data  ??  tim.o [2]
htim4                   0x2000'0198   0x48  Data  ??  tim.o [2]
huart1                  0x2000'01e0   0x48  Data  ??  usart.o [2]
init_motor               0x800'10ab   0x56  Code  Lc  main.o [2]
init_state              0x2000'00b0    0x1  Data  ??  main.o [2]
main                     0x800'0c0d  0x312  Code  ??  main.o [2]
tic_count               0x2000'00b1    0x1  Data  ??  main.o [2]
update_encoder           0x800'2dd5   0x4a  Code  ??  stm32f1xx_it.o [2]
uwTick                  0x2000'0004    0x4  Data  ??  stm32f1xx_hal.o [4]
uwTickFreq              0x2000'0000    0x1  Data  ??  stm32f1xx_hal.o [4]
uwTickPrio              0x2000'0008    0x4  Data  ??  stm32f1xx_hal.o [4]


[1] = C:\Users\user\Documents\servodrive\V2\EWARM\DC_servodrive_v2\Obj\CMSIS_6603591812247902717.dir
[2] = C:\Users\user\Documents\servodrive\V2\EWARM\DC_servodrive_v2\Obj\Core_13247989168731456611.dir
[3] = C:\Users\user\Documents\servodrive\V2\EWARM\DC_servodrive_v2\Obj\EWARM_18443280873093131863.dir
[4] = C:\Users\user\Documents\servodrive\V2\EWARM\DC_servodrive_v2\Obj\STM32F1xx_HAL_Driver_9701002599162248031.dir
[5] = dl7M_tln.a
[6] = rt7M_tl.a
[7] = shb_l.a

  12'210 bytes of readonly  code memory
      62 bytes of readonly  data memory
   1'704 bytes of readwrite data memory

Errors: none
Warnings: none
