###############################################################################
#
# IAR ELF Linker V9.50.1.380/W64 for ARM                  01/Jun/2025  21:09:12
# Copyright 2007-2023 IAR Systems AB.
#
#    Output file  =
#        C:\Users\user\Documents\servodrive\V2\EWARM\DC_servodrive_v2\Exe\DC_servodrive_v2.out
#    Map file     =
#        C:\Users\user\Documents\servodrive\V2\EWARM\DC_servodrive_v2\List\DC_servodrive_v2.map
#    Command line =
#        -f
#        C:\Users\user\Documents\servodrive\V2\EWARM\DC_servodrive_v2\Exe\DC_servodrive_v2.out.rsp
#        (C:\Users\user\Documents\servodrive\V2\EWARM\DC_servodrive_v2\Obj\Core_13247989168731456611.dir\adc.o
#        C:\Users\user\Documents\servodrive\V2\EWARM\DC_servodrive_v2\Obj\Core_13247989168731456611.dir\dma.o
#        C:\Users\user\Documents\servodrive\V2\EWARM\DC_servodrive_v2\Obj\Core_13247989168731456611.dir\gpio.o
#        C:\Users\user\Documents\servodrive\V2\EWARM\DC_servodrive_v2\Obj\Core_13247989168731456611.dir\iwdg.o
#        C:\Users\user\Documents\servodrive\V2\EWARM\DC_servodrive_v2\Obj\Core_13247989168731456611.dir\main.o
#        C:\Users\user\Documents\servodrive\V2\EWARM\DC_servodrive_v2\Obj\Core_13247989168731456611.dir\PID_fast.o
#        C:\Users\user\Documents\servodrive\V2\EWARM\DC_servodrive_v2\Obj\EWARM_18443280873093131863.dir\startup_stm32f103xb.o
#        C:\Users\user\Documents\servodrive\V2\EWARM\DC_servodrive_v2\Obj\STM32F1xx_HAL_Driver_9701002599162248031.dir\stm32f1xx_hal.o
#        C:\Users\user\Documents\servodrive\V2\EWARM\DC_servodrive_v2\Obj\STM32F1xx_HAL_Driver_9701002599162248031.dir\stm32f1xx_hal_adc.o
#        C:\Users\user\Documents\servodrive\V2\EWARM\DC_servodrive_v2\Obj\STM32F1xx_HAL_Driver_9701002599162248031.dir\stm32f1xx_hal_adc_ex.o
#        C:\Users\user\Documents\servodrive\V2\EWARM\DC_servodrive_v2\Obj\STM32F1xx_HAL_Driver_9701002599162248031.dir\stm32f1xx_hal_cortex.o
#        C:\Users\user\Documents\servodrive\V2\EWARM\DC_servodrive_v2\Obj\STM32F1xx_HAL_Driver_9701002599162248031.dir\stm32f1xx_hal_dma.o
#        C:\Users\user\Documents\servodrive\V2\EWARM\DC_servodrive_v2\Obj\STM32F1xx_HAL_Driver_9701002599162248031.dir\stm32f1xx_hal_exti.o
#        C:\Users\user\Documents\servodrive\V2\EWARM\DC_servodrive_v2\Obj\STM32F1xx_HAL_Driver_9701002599162248031.dir\stm32f1xx_hal_flash.o
#        C:\Users\user\Documents\servodrive\V2\EWARM\DC_servodrive_v2\Obj\STM32F1xx_HAL_Driver_9701002599162248031.dir\stm32f1xx_hal_flash_ex.o
#        C:\Users\user\Documents\servodrive\V2\EWARM\DC_servodrive_v2\Obj\STM32F1xx_HAL_Driver_9701002599162248031.dir\stm32f1xx_hal_gpio.o
#        C:\Users\user\Documents\servodrive\V2\EWARM\DC_servodrive_v2\Obj\STM32F1xx_HAL_Driver_9701002599162248031.dir\stm32f1xx_hal_gpio_ex.o
#        C:\Users\user\Documents\servodrive\V2\EWARM\DC_servodrive_v2\Obj\STM32F1xx_HAL_Driver_9701002599162248031.dir\stm32f1xx_hal_iwdg.o
#        C:\Users\user\Documents\servodrive\V2\EWARM\DC_servodrive_v2\Obj\Core_13247989168731456611.dir\stm32f1xx_hal_msp.o
#        C:\Users\user\Documents\servodrive\V2\EWARM\DC_servodrive_v2\Obj\STM32F1xx_HAL_Driver_9701002599162248031.dir\stm32f1xx_hal_pwr.o
#        C:\Users\user\Documents\servodrive\V2\EWARM\DC_servodrive_v2\Obj\STM32F1xx_HAL_Driver_9701002599162248031.dir\stm32f1xx_hal_rcc.o
#        C:\Users\user\Documents\servodrive\V2\EWARM\DC_servodrive_v2\Obj\STM32F1xx_HAL_Driver_9701002599162248031.dir\stm32f1xx_hal_rcc_ex.o
#        C:\Users\user\Documents\servodrive\V2\EWARM\DC_servodrive_v2\Obj\STM32F1xx_HAL_Driver_9701002599162248031.dir\stm32f1xx_hal_tim.o
#        C:\Users\user\Documents\servodrive\V2\EWARM\DC_servodrive_v2\Obj\STM32F1xx_HAL_Driver_9701002599162248031.dir\stm32f1xx_hal_tim_ex.o
#        C:\Users\user\Documents\servodrive\V2\EWARM\DC_servodrive_v2\Obj\STM32F1xx_HAL_Driver_9701002599162248031.dir\stm32f1xx_hal_uart.o
#        C:\Users\user\Documents\servodrive\V2\EWARM\DC_servodrive_v2\Obj\Core_13247989168731456611.dir\stm32f1xx_it.o
#        C:\Users\user\Documents\servodrive\V2\EWARM\DC_servodrive_v2\Obj\CMSIS_6603591812247902717.dir\system_stm32f1xx.o
#        C:\Users\user\Documents\servodrive\V2\EWARM\DC_servodrive_v2\Obj\Core_13247989168731456611.dir\tim.o
#        C:\Users\user\Documents\servodrive\V2\EWARM\DC_servodrive_v2\Obj\Core_13247989168731456611.dir\usart.o
#        --no_out_extension -o
#        C:\Users\user\Documents\servodrive\V2\EWARM\DC_servodrive_v2\Exe\DC_servodrive_v2.out
#        --redirect _Printf=_PrintfFullNoMb --redirect _Scanf=_ScanfFullNoMb
#        --map
#        C:\Users\user\Documents\servodrive\V2\EWARM\DC_servodrive_v2\List\DC_servodrive_v2.map
#        --config
#        C:\Users\user\Documents\servodrive\V2\EWARM/stm32f103xb_flash.icf
#        --entry __iar_program_start --vfe --text_out locale --cpu=Cortex-M3
#        --fpu=None) --dependencies=n
#        C:\Users\user\Documents\servodrive\V2\EWARM\DC_servodrive_v2\Exe\DC_servodrive_v2.out.iar_deps
#
###############################################################################

*******************************************************************************
*** RUNTIME MODEL ATTRIBUTES
***

CppFlavor       = *
__CPP_Runtime   = 1
__SystemLibrary = DLib
__dlib_version  = 6


*******************************************************************************
*** HEAP SELECTION
***

The basic heap was selected because --advanced_heap
was not specified and the application did not appear to
be primarily optimized for speed.


*******************************************************************************
*** PLACEMENT SUMMARY
***

"A0":  place at address 0x800'0000 { ro section .intvec };
"P1":  place in [from 0x800'0000 to 0x801'ffff] { ro };
define block CSTACK with size = 1K, alignment = 8 { };
define block HEAP with size = 512, alignment = 8 { };
"P2":  place in [from 0x2000'0000 to 0x2000'4fff] {
          rw, block CSTACK, block HEAP };
initialize by copy { rw };

  Section            Kind         Address  Aligment    Size  Object
  -------            ----         -------  --------    ----  ------
"A0":                                                  0xec
  .intvec            ro code   0x800'0000         4    0xec  startup_stm32f103xb.o [3]
                             - 0x800'00ec              0xec

"P1":                                                0x3d2e
  .text              ro code   0x800'00ec         4   0x9ca  stm32f1xx_hal_tim.o [4]
  .text              ro code   0x800'0ab6         2    0x2a  copy_init3.o [6]
  .text              ro code   0x800'0ae0         4   0x3dc  tim.o [2]
  .text              ro code   0x800'0ebc         2     0x2  stm32f1xx_hal_tim.o [4]
  .text              ro code   0x800'0ebe         2     0x2  stm32f1xx_hal_tim.o [4]
  .text              ro code   0x800'0ec0         2     0x2  stm32f1xx_hal_tim.o [4]
  .text              ro code   0x800'0ec2         2     0x2  stm32f1xx_hal_tim.o [4]
  .text              ro code   0x800'0ec4         2     0x2  stm32f1xx_hal_tim_ex.o [4]
  .text              ro code   0x800'0ec6         2     0x2  stm32f1xx_hal_tim.o [4]
  .text              ro code   0x800'0ec8         2     0x2  stm32f1xx_hal_tim_ex.o [4]
  .rodata            const     0x800'0eca         2     0x2  stm32f1xx_hal_rcc.o [4]
  .text              ro code   0x800'0ecc         4    0x66  ABImemset.o [6]
  .text              ro code   0x800'0f34         4   0x6bc  main.o [2]
  .text              ro code   0x800'15f0         4    0x80  stm32f1xx_hal_tim_ex.o [4]
  .text              ro code   0x800'1670         4   0x2cc  stm32f1xx_hal_gpio.o [4]
  .text              ro code   0x800'193c         4   0x154  stm32f1xx_hal_cortex.o [4]
  .text              ro code   0x800'1a90         4    0x24  stm32f1xx_hal.o [4]
  .text              ro code   0x800'1ab4         4   0x130  gpio.o [2]
  .text              ro code   0x800'1be4         4    0x2c  dma.o [2]
  .text              ro code   0x800'1c10         4   0x144  adc.o [2]
  .text              ro code   0x800'1d54         4    0x28  iwdg.o [2]
  .text              ro code   0x800'1d7c         4    0xd4  usart.o [2]
  .text              ro code   0x800'1e50         4   0x616  stm32f1xx_hal_adc.o [4]
  .text              ro code   0x800'2468         4    0x28  stm32f1xx_hal.o [4]
  .text              ro code   0x800'2490         2    0x6a  stm32f1xx_hal_iwdg.o [4]
  .text              ro code   0x800'24fc         4   0x360  PID_fast.o [2]
  .text              ro code   0x800'285c         4   0x634  stm32f1xx_hal_rcc.o [4]
  .text              ro code   0x800'2e90         4   0x12c  stm32f1xx_hal_rcc_ex.o [4]
  .text              ro code   0x800'2fbc         2     0x8  abs.o [5]
  .text              ro code   0x800'2fc4         2     0x2  stm32f1xx_hal_gpio.o [4]
  .text              ro code   0x800'2fc8         4    0x4c  stm32f1xx_hal.o [4]
  .text              ro code   0x800'3014         4    0x84  stm32f1xx_hal_msp.o [2]
  .text              ro code   0x800'3098         4   0x3bc  stm32f1xx_hal_dma.o [4]
  .text              ro code   0x800'3454         4   0x618  stm32f1xx_hal_uart.o [4]
  .text              ro code   0x800'3a6c         4     0xc  stm32f1xx_hal.o [4]
  .text              ro code   0x800'3a78         2     0x2  stm32f1xx_hal_adc.o [4]
  .text              ro code   0x800'3a7a         2     0x2  stm32f1xx_hal_adc.o [4]
  .text              ro code   0x800'3a7c         2     0x2  stm32f1xx_hal_adc.o [4]
  .text              ro code   0x800'3a7e         2     0x2  stm32f1xx_hal_uart.o [4]
  .text              ro code   0x800'3a80         2     0x2  stm32f1xx_hal_uart.o [4]
  .text              ro code   0x800'3a82         2     0x2  stm32f1xx_hal_uart.o [4]
  .text              ro code   0x800'3a84         2     0x2  stm32f1xx_hal_uart.o [4]
  .text              ro code   0x800'3a88         4   0x1b8  stm32f1xx_it.o [2]
  .text              ro code   0x800'3c40         4    0x18  stm32f1xx_hal.o [4]
  .text              ro code   0x800'3c58         2    0x38  zero_init3.o [6]
  .text              ro code   0x800'3c90         4    0x2a  data_init.o [6]
  .iar.init_table    const     0x800'3cbc         4    0x24  - Linker created -
  .text              ro code   0x800'3ce0         4    0x1e  cmain.o [6]
  .text              ro code   0x800'3cfe         2     0x4  low_level_init.o [5]
  .text              ro code   0x800'3d02         2     0x4  exit.o [5]
  .text              ro code   0x800'3d08         4     0xa  cexit.o [6]
  .text              ro code   0x800'3d14         4     0xc  XXexit.o [6]
  .text              ro code   0x800'3d20         4    0x1c  cstartup_M.o [6]
  .rodata            const     0x800'3d3c         4    0x10  stm32f1xx_hal_rcc.o [4]
  .rodata            const     0x800'3d4c         4    0x10  system_stm32f1xx.o [1]
  .text              ro code   0x800'3d5c         4    0x10  startup_stm32f103xb.o [3]
  Initializer bytes  const     0x800'3d6c         4     0xc  <for P2-1>
  .rodata            const     0x800'3d78         4     0x8  system_stm32f1xx.o [1]
  .text              ro code   0x800'3d80         2     0x4  startup_stm32f103xb.o [3]
  .text              ro code   0x800'3d84         2     0x4  startup_stm32f103xb.o [3]
  .text              ro code   0x800'3d88         2     0x4  startup_stm32f103xb.o [3]
  .text              ro code   0x800'3d8c         2     0x4  startup_stm32f103xb.o [3]
  .text              ro code   0x800'3d90         2     0x4  startup_stm32f103xb.o [3]
  .text              ro code   0x800'3d94         2     0x4  startup_stm32f103xb.o [3]
  .text              ro code   0x800'3d98         2     0x4  startup_stm32f103xb.o [3]
  .text              ro code   0x800'3d9c         2     0x4  startup_stm32f103xb.o [3]
  .text              ro code   0x800'3da0         2     0x4  startup_stm32f103xb.o [3]
  .text              ro code   0x800'3da4         2     0x4  startup_stm32f103xb.o [3]
  .text              ro code   0x800'3da8         2     0x4  startup_stm32f103xb.o [3]
  .text              ro code   0x800'3dac         2     0x4  startup_stm32f103xb.o [3]
  .text              ro code   0x800'3db0         2     0x4  startup_stm32f103xb.o [3]
  .text              ro code   0x800'3db4         2     0x4  startup_stm32f103xb.o [3]
  .text              ro code   0x800'3db8         2     0x4  startup_stm32f103xb.o [3]
  .text              ro code   0x800'3dbc         2     0x4  startup_stm32f103xb.o [3]
  .text              ro code   0x800'3dc0         2     0x4  startup_stm32f103xb.o [3]
  .text              ro code   0x800'3dc4         2     0x4  startup_stm32f103xb.o [3]
  .text              ro code   0x800'3dc8         2     0x4  startup_stm32f103xb.o [3]
  .text              ro code   0x800'3dcc         2     0x4  startup_stm32f103xb.o [3]
  .text              ro code   0x800'3dd0         2     0x4  startup_stm32f103xb.o [3]
  .text              ro code   0x800'3dd4         2     0x4  startup_stm32f103xb.o [3]
  .text              ro code   0x800'3dd8         2     0x4  startup_stm32f103xb.o [3]
  .text              ro code   0x800'3ddc         2     0x4  startup_stm32f103xb.o [3]
  .text              ro code   0x800'3de0         2     0x4  startup_stm32f103xb.o [3]
  .text              ro code   0x800'3de4         2     0x4  startup_stm32f103xb.o [3]
  .text              ro code   0x800'3de8         2     0x4  startup_stm32f103xb.o [3]
  .text              ro code   0x800'3dec         2     0x4  startup_stm32f103xb.o [3]
  .text              ro code   0x800'3df0         2     0x4  startup_stm32f103xb.o [3]
  .text              ro code   0x800'3df4         2     0x4  startup_stm32f103xb.o [3]
  .text              ro code   0x800'3df8         2     0x4  startup_stm32f103xb.o [3]
  .text              ro code   0x800'3dfc         2     0x4  startup_stm32f103xb.o [3]
  .text              ro code   0x800'3e00         2     0x4  startup_stm32f103xb.o [3]
  .text              ro code   0x800'3e04         2     0x4  startup_stm32f103xb.o [3]
  .text              ro code   0x800'3e08         2     0x4  startup_stm32f103xb.o [3]
  .text              ro code   0x800'3e0c         2     0x4  startup_stm32f103xb.o [3]
  .text              ro code   0x800'3e10         2     0x4  startup_stm32f103xb.o [3]
  .text              ro code   0x800'3e14         2     0x4  startup_stm32f103xb.o [3]
  .text              ro code   0x800'3e18         4     0x2  system_stm32f1xx.o [1]
  .rodata            const     0x800'3e1a               0x0  zero_init3.o [6]
  .rodata            const     0x800'3e1a               0x0  copy_init3.o [6]
                             - 0x800'3e1a            0x3d2e

"P2", part 1 of 3:                                      0xc
  P2-1                        0x2000'0000         4     0x9  <Init block>
    .data            inited   0x2000'0000         4     0x4  stm32f1xx_hal.o [4]
    .data            inited   0x2000'0004         4     0x4  system_stm32f1xx.o [1]
    .data            inited   0x2000'0008               0x1  stm32f1xx_hal.o [4]
                            - 0x2000'0009               0x9

"P2", part 2 of 3:                                   0x1440
  .bss               zero     0x2000'0010         8   0x920  main.o [2]
  .bss               zero     0x2000'0930         8   0x920  main.o [2]
  .bss               zero     0x2000'1250         4    0x48  tim.o [2]
  .bss               zero     0x2000'1298         4    0x48  tim.o [2]
  .bss               zero     0x2000'12e0         4    0x48  tim.o [2]
  .bss               zero     0x2000'1328         4    0x48  tim.o [2]
  .bss               zero     0x2000'1370         4    0x48  usart.o [2]
  .bss               zero     0x2000'13b8         4    0x44  adc.o [2]
  .bss               zero     0x2000'13fc         4    0x30  adc.o [2]
  .bss               zero     0x2000'142c         4     0xc  iwdg.o [2]
  .bss               zero     0x2000'1438         4     0x8  main.o [2]
  .bss               zero     0x2000'1440         4     0x4  stm32f1xx_hal.o [4]
  .bss               zero     0x2000'1444         2     0x2  main.o [2]
  .bss               zero     0x2000'1446         2     0x2  main.o [2]
  .bss               zero     0x2000'1448               0x1  main.o [2]
  .bss               zero     0x2000'1449               0x1  main.o [2]
                            - 0x2000'144a            0x143e

"P2", part 3 of 3:                                    0x400
  CSTACK                      0x2000'1450         8   0x400  <Block>
    CSTACK           uninit   0x2000'1450             0x400  <Block tail>
                            - 0x2000'1850             0x400

Unused ranges:

         From           To      Size
         ----           --      ----
   0x800'3e1a   0x801'ffff  0x1'c1e6
  0x2000'144c  0x2000'144f       0x4
  0x2000'1850  0x2000'4fff    0x37b0


*******************************************************************************
*** INIT TABLE
***

          Address      Size
          -------      ----
Zero (__iar_zero_init3)
    1 destination range, total size 0x143a:
          0x2000'0010  0x143a

Copy (__iar_copy_init3)
    1 source range, total size 0xc (133% of destination):
           0x800'3d6c     0xc
    1 destination range, total size 0x9:
          0x2000'0000     0x9



*******************************************************************************
*** MODULE SUMMARY
***

    Module                  ro code  ro data  rw data
    ------                  -------  -------  -------
command line/config:
    -------------------------------------------------
    Total:

C:\Users\user\Documents\servodrive\V2\EWARM\DC_servodrive_v2\Obj\CMSIS_6603591812247902717.dir: [1]
    system_stm32f1xx.o            2       28        4
    -------------------------------------------------
    Total:                        2       28        4

C:\Users\user\Documents\servodrive\V2\EWARM\DC_servodrive_v2\Obj\Core_13247989168731456611.dir: [2]
    PID_fast.o                  864
    adc.o                       324               116
    dma.o                        44
    gpio.o                      304
    iwdg.o                       40                12
    main.o                    1'724             4'686
    stm32f1xx_hal_msp.o         132
    stm32f1xx_it.o              440
    tim.o                       988               288
    usart.o                     212                72
    -------------------------------------------------
    Total:                    5'072             5'174

C:\Users\user\Documents\servodrive\V2\EWARM\DC_servodrive_v2\Obj\EWARM_18443280873093131863.dir: [3]
    startup_stm32f103xb.o       404
    -------------------------------------------------
    Total:                      404

C:\Users\user\Documents\servodrive\V2\EWARM\DC_servodrive_v2\Obj\STM32F1xx_HAL_Driver_9701002599162248031.dir: [4]
    stm32f1xx_hal.o             188        5        9
    stm32f1xx_hal_adc.o       1'564
    stm32f1xx_hal_cortex.o      340
    stm32f1xx_hal_dma.o         956
    stm32f1xx_hal_gpio.o        718
    stm32f1xx_hal_iwdg.o        106
    stm32f1xx_hal_rcc.o       1'588       18
    stm32f1xx_hal_rcc_ex.o      300
    stm32f1xx_hal_tim.o       2'516
    stm32f1xx_hal_tim_ex.o      132
    stm32f1xx_hal_uart.o      1'568
    -------------------------------------------------
    Total:                    9'976       23        9

dl7M_tlf.a: [5]
    abs.o                         8
    exit.o                        4
    low_level_init.o              4
    -------------------------------------------------
    Total:                       16

rt7M_tl.a: [6]
    ABImemset.o                 102
    XXexit.o                     12
    cexit.o                      10
    cmain.o                      30
    copy_init3.o                 42
    cstartup_M.o                 28
    data_init.o                  42
    zero_init3.o                 56
    -------------------------------------------------
    Total:                      322

    Gaps                         14        2        4
    Linker created                        39    1'024
-----------------------------------------------------
    Grand Total:             15'806       92    6'215


*******************************************************************************
*** ENTRY LIST
***

Entry                       Address   Size  Type      Object
-----                       -------   ----  ----      ------
.iar.init_table$$Base    0x800'3cbc          --   Gb  - Linker created -
.iar.init_table$$Limit   0x800'3ce0          --   Gb  - Linker created -
?main                    0x800'3ce1         Code  ??  cmain.o [6]
ADC1_2_IRQHandler        0x800'3dc1         Code  Wk  startup_stm32f103xb.o [3]
ADC_ConversionStop_Disable
                         0x800'2391   0x52  Code  ??  stm32f1xx_hal_adc.o [4]
ADC_DMAConvCplt          0x800'23e5   0x52  Code  ??  stm32f1xx_hal_adc.o [4]
ADC_DMAError             0x800'2449   0x1e  Code  ??  stm32f1xx_hal_adc.o [4]
ADC_DMAHalfConvCplt      0x800'2439    0xe  Code  ??  stm32f1xx_hal_adc.o [4]
ADC_Enable               0x800'22fb   0x76  Code  ??  stm32f1xx_hal_adc.o [4]
AHBPrescTable            0x800'3d4c   0x10  Data  ??  system_stm32f1xx.o [1]
APBPrescTable            0x800'3d78    0x8  Data  ??  system_stm32f1xx.o [1]
BusFault_Handler         0x800'3a8f    0x2  Code  ??  stm32f1xx_it.o [2]
CAN1_RX1_IRQHandler      0x800'3dcd         Code  Wk  startup_stm32f103xb.o [3]
CAN1_SCE_IRQHandler      0x800'3dd1         Code  Wk  startup_stm32f103xb.o [3]
CSTACK$$Base            0x2000'1450          --   Gb  - Linker created -
CSTACK$$Limit           0x2000'1850          --   ??  - Linker created -
DMA1_Channel1_IRQHandler
                         0x800'3ab3    0xa  Code  ??  stm32f1xx_it.o [2]
DMA1_Channel2_IRQHandler
                         0x800'3da9         Code  Wk  startup_stm32f103xb.o [3]
DMA1_Channel3_IRQHandler
                         0x800'3dad         Code  Wk  startup_stm32f103xb.o [3]
DMA1_Channel4_IRQHandler
                         0x800'3db1         Code  Wk  startup_stm32f103xb.o [3]
DMA1_Channel5_IRQHandler
                         0x800'3db5         Code  Wk  startup_stm32f103xb.o [3]
DMA1_Channel6_IRQHandler
                         0x800'3db9         Code  Wk  startup_stm32f103xb.o [3]
DMA1_Channel7_IRQHandler
                         0x800'3dbd         Code  Wk  startup_stm32f103xb.o [3]
DMA_SetConfig            0x800'3429   0x2c  Code  Lc  stm32f1xx_hal_dma.o [4]
DebugMon_Handler         0x800'3a95    0x2  Code  ??  stm32f1xx_it.o [2]
EXTI0_IRQHandler         0x800'3d99         Code  Wk  startup_stm32f103xb.o [3]
EXTI15_10_IRQHandler     0x800'3e0d         Code  Wk  startup_stm32f103xb.o [3]
EXTI1_IRQHandler         0x800'3d9d         Code  Wk  startup_stm32f103xb.o [3]
EXTI2_IRQHandler         0x800'3da1         Code  Wk  startup_stm32f103xb.o [3]
EXTI3_IRQHandler         0x800'3da5         Code  Wk  startup_stm32f103xb.o [3]
EXTI4_IRQHandler         0x800'3aa1   0x12  Code  ??  stm32f1xx_it.o [2]
EXTI9_5_IRQHandler       0x800'3abd   0x12  Code  ??  stm32f1xx_it.o [2]
Error_Handler            0x800'15ed    0x4  Code  ??  main.o [2]
FLASH_IRQHandler         0x800'3d91         Code  Wk  startup_stm32f103xb.o [3]
HAL_ADC_ConfigChannel    0x800'21a9  0x152  Code  ??  stm32f1xx_hal_adc.o [4]
HAL_ADC_ConvCpltCallback
                         0x800'3a79    0x2  Code  Wk  stm32f1xx_hal_adc.o [4]
HAL_ADC_ConvHalfCpltCallback
                         0x800'3a7b    0x2  Code  Wk  stm32f1xx_hal_adc.o [4]
HAL_ADC_ErrorCallback    0x800'3a7d    0x2  Code  Wk  stm32f1xx_hal_adc.o [4]
HAL_ADC_Init             0x800'1e51  0x142  Code  ??  stm32f1xx_hal_adc.o [4]
HAL_ADC_MspInit          0x800'1cb3   0x8a  Code  ??  adc.o [2]
HAL_ADC_Start_DMA        0x800'1fcf  0x16a  Code  ??  stm32f1xx_hal_adc.o [4]
HAL_ADC_Stop             0x800'1f93   0x3c  Code  ??  stm32f1xx_hal_adc.o [4]
HAL_ADC_Stop_DMA         0x800'2139   0x70  Code  ??  stm32f1xx_hal_adc.o [4]
HAL_DMA_Abort            0x800'3197   0x4e  Code  ??  stm32f1xx_hal_dma.o [4]
HAL_DMA_Abort_IT         0x800'31e5   0xb4  Code  ??  stm32f1xx_hal_dma.o [4]
HAL_DMA_IRQHandler       0x800'3299  0x16a  Code  ??  stm32f1xx_hal_dma.o [4]
HAL_DMA_Init             0x800'3099   0x66  Code  ??  stm32f1xx_hal_dma.o [4]
HAL_DMA_Start_IT         0x800'30ff   0x98  Code  ??  stm32f1xx_hal_dma.o [4]
HAL_Delay                0x800'2469   0x28  Code  Wk  stm32f1xx_hal.o [4]
HAL_GPIO_EXTI_Callback   0x800'2fc5    0x2  Code  Wk  stm32f1xx_hal_gpio.o [4]
HAL_GPIO_EXTI_IRQHandler
                         0x800'18d9   0x20  Code  ??  stm32f1xx_hal_gpio.o [4]
HAL_GPIO_Init            0x800'1671  0x21e  Code  ??  stm32f1xx_hal_gpio.o [4]
HAL_GPIO_ReadPin         0x800'188f   0x16  Code  ??  stm32f1xx_hal_gpio.o [4]
HAL_GPIO_TogglePin       0x800'18bf   0x1a  Code  ??  stm32f1xx_hal_gpio.o [4]
HAL_GPIO_WritePin        0x800'18a5   0x1a  Code  ??  stm32f1xx_hal_gpio.o [4]
HAL_GetTick              0x800'3a6d    0xc  Code  Wk  stm32f1xx_hal.o [4]
HAL_IWDG_Init            0x800'2491   0x5c  Code  ??  stm32f1xx_hal_iwdg.o [4]
HAL_IWDG_Refresh         0x800'24ed    0xe  Code  ??  stm32f1xx_hal_iwdg.o [4]
HAL_IncTick              0x800'3c41   0x18  Code  Wk  stm32f1xx_hal.o [4]
HAL_Init                 0x800'1a91   0x20  Code  ??  stm32f1xx_hal.o [4]
HAL_InitTick             0x800'2fc9   0x4c  Code  Wk  stm32f1xx_hal.o [4]
HAL_MspInit              0x800'3015   0x84  Code  ??  stm32f1xx_hal_msp.o [2]
HAL_NVIC_EnableIRQ       0x800'1a55    0xe  Code  ??  stm32f1xx_hal_cortex.o [4]
HAL_NVIC_SetPriority     0x800'1a2b   0x2a  Code  ??  stm32f1xx_hal_cortex.o [4]
HAL_NVIC_SetPriorityGrouping
                         0x800'1a1f    0xc  Code  ??  stm32f1xx_hal_cortex.o [4]
HAL_RCCEx_PeriphCLKConfig
                         0x800'2e91  0x118  Code  ??  stm32f1xx_hal_rcc_ex.o [4]
HAL_RCC_ClockConfig      0x800'2c49  0x14c  Code  ??  stm32f1xx_hal_rcc.o [4]
HAL_RCC_GetHCLKFreq      0x800'2df1    0x6  Code  ??  stm32f1xx_hal_rcc.o [4]
HAL_RCC_GetPCLK1Freq     0x800'2df7   0x16  Code  ??  stm32f1xx_hal_rcc.o [4]
HAL_RCC_GetPCLK2Freq     0x800'2e0d   0x16  Code  ??  stm32f1xx_hal_rcc.o [4]
HAL_RCC_GetSysClockFreq
                         0x800'2d95   0x5c  Code  ??  stm32f1xx_hal_rcc.o [4]
HAL_RCC_GetSysClockFreq::aPLLMULFactorTable
                         0x800'3d3c   0x10  Data  Lc  stm32f1xx_hal_rcc.o [4]
HAL_RCC_GetSysClockFreq::aPredivFactorTable
                         0x800'0eca    0x2  Data  Lc  stm32f1xx_hal_rcc.o [4]
HAL_RCC_OscConfig        0x800'285d  0x3ec  Code  ??  stm32f1xx_hal_rcc.o [4]
HAL_SYSTICK_Config       0x800'1a63    0xc  Code  ??  stm32f1xx_hal_cortex.o [4]
HAL_TIMEx_BreakCallback
                         0x800'0ec5    0x2  Code  Wk  stm32f1xx_hal_tim_ex.o [4]
HAL_TIMEx_CommutCallback
                         0x800'0ec9    0x2  Code  Wk  stm32f1xx_hal_tim_ex.o [4]
HAL_TIMEx_MasterConfigSynchronization
                         0x800'15f1   0x70  Code  ??  stm32f1xx_hal_tim_ex.o [4]
HAL_TIM_Base_Init        0x800'00ed   0x6e  Code  ??  stm32f1xx_hal_tim.o [4]
HAL_TIM_Base_MspInit     0x800'0ddb   0x32  Code  ??  tim.o [2]
HAL_TIM_Base_Start_IT    0x800'015b   0x72  Code  ??  stm32f1xx_hal_tim.o [4]
HAL_TIM_ConfigClockSource
                         0x800'075b   0xf4  Code  ??  stm32f1xx_hal_tim.o [4]
HAL_TIM_Encoder_Init     0x800'0311   0xca  Code  ??  stm32f1xx_hal_tim.o [4]
HAL_TIM_Encoder_MspInit
                         0x800'0d1b   0x9e  Code  ??  tim.o [2]
HAL_TIM_Encoder_Start    0x800'03dd   0xfa  Code  ??  stm32f1xx_hal_tim.o [4]
HAL_TIM_IC_CaptureCallback
                         0x800'0ebd    0x2  Code  Wk  stm32f1xx_hal_tim.o [4]
HAL_TIM_IRQHandler       0x800'04e9  0x176  Code  ??  stm32f1xx_hal_tim.o [4]
HAL_TIM_MspPostInit      0x800'0e0d   0x7e  Code  ??  tim.o [2]
HAL_TIM_OC_DelayElapsedCallback
                         0x800'0ebf    0x2  Code  Wk  stm32f1xx_hal_tim.o [4]
HAL_TIM_PWM_ConfigChannel
                         0x800'065f   0xfc  Code  ??  stm32f1xx_hal_tim.o [4]
HAL_TIM_PWM_Init         0x800'01cd   0x6e  Code  ??  stm32f1xx_hal_tim.o [4]
HAL_TIM_PWM_MspInit      0x800'0db9   0x22  Code  ??  tim.o [2]
HAL_TIM_PWM_PulseFinishedCallback
                         0x800'0ec1    0x2  Code  Wk  stm32f1xx_hal_tim.o [4]
HAL_TIM_PWM_Start        0x800'023b   0xca  Code  ??  stm32f1xx_hal_tim.o [4]
HAL_TIM_PeriodElapsedCallback
                         0x800'0ec3    0x2  Code  Wk  stm32f1xx_hal_tim.o [4]
HAL_TIM_TriggerCallback
                         0x800'0ec7    0x2  Code  Wk  stm32f1xx_hal_tim.o [4]
HAL_UARTEx_RxEventCallback
                         0x800'3a81    0x2  Code  Wk  stm32f1xx_hal_uart.o [4]
HAL_UART_ErrorCallback   0x800'3a7f    0x2  Code  Wk  stm32f1xx_hal_uart.o [4]
HAL_UART_IRQHandler      0x800'34cf  0x2c0  Code  ??  stm32f1xx_hal_uart.o [4]
HAL_UART_Init            0x800'3455   0x7a  Code  ??  stm32f1xx_hal_uart.o [4]
HAL_UART_MspInit         0x800'1db3   0x8a  Code  ??  usart.o [2]
HAL_UART_RxCpltCallback
                         0x800'3a85    0x2  Code  Wk  stm32f1xx_hal_uart.o [4]
HAL_UART_TxCpltCallback
                         0x800'3a83    0x2  Code  Wk  stm32f1xx_hal_uart.o [4]
HardFault_Handler        0x800'3a8b    0x2  Code  ??  stm32f1xx_it.o [2]
I2C1_ER_IRQHandler       0x800'3df1         Code  Wk  startup_stm32f103xb.o [3]
I2C1_EV_IRQHandler       0x800'3ded         Code  Wk  startup_stm32f103xb.o [3]
I2C2_ER_IRQHandler       0x800'3df9         Code  Wk  startup_stm32f103xb.o [3]
I2C2_EV_IRQHandler       0x800'3df5         Code  Wk  startup_stm32f103xb.o [3]
M1                      0x2000'0010  0x920  Data  ??  main.o [2]
M2                      0x2000'0930  0x920  Data  ??  main.o [2]
MX_ADC1_Init             0x800'1c11   0xa2  Code  ??  adc.o [2]
MX_DMA_Init              0x800'1be5   0x2c  Code  ??  dma.o [2]
MX_GPIO_Init             0x800'1ab5  0x130  Code  ??  gpio.o [2]
MX_IWDG_Init             0x800'1d55   0x28  Code  ??  iwdg.o [2]
MX_TIM1_Init             0x800'0ae1   0x8c  Code  ??  tim.o [2]
MX_TIM2_Init             0x800'0b6d   0xb4  Code  ??  tim.o [2]
MX_TIM3_Init             0x800'0c21   0x84  Code  ??  tim.o [2]
MX_TIM4_Init             0x800'0ca5   0x76  Code  ??  tim.o [2]
MX_USART1_UART_Init      0x800'1d7d   0x36  Code  ??  usart.o [2]
MemManage_Handler        0x800'3a8d    0x2  Code  ??  stm32f1xx_it.o [2]
NMI_Handler              0x800'3a89    0x2  Code  ??  stm32f1xx_it.o [2]
NVIC_EncodePriority      0x800'19af   0x40  Code  Lc  stm32f1xx_hal_cortex.o [4]
PID_REG_V_only           0x800'24fd  0x356  Code  ??  PID_fast.o [2]
PVD_IRQHandler           0x800'3d85         Code  Wk  startup_stm32f103xb.o [3]
PWM_out_H_brige          0x800'13dd   0xee  Code  Lc  main.o [2]
PendSV_Handler           0x800'3a97    0x2  Code  ??  stm32f1xx_it.o [2]
RCC_Delay                0x800'2e23   0x26  Code  Lc  stm32f1xx_hal_rcc.o [4]
RCC_IRQHandler           0x800'3d95         Code  Wk  startup_stm32f103xb.o [3]
RTC_Alarm_IRQHandler     0x800'3e11         Code  Wk  startup_stm32f103xb.o [3]
RTC_IRQHandler           0x800'3d8d         Code  Wk  startup_stm32f103xb.o [3]
Region$$Table$$Base      0x800'3cbc          --   ??  - Linker created -
Region$$Table$$Limit     0x800'3ce0          --   ??  - Linker created -
Reset_Handler            0x800'3d5d         Code  Wk  startup_stm32f103xb.o [3]
SPI1_IRQHandler          0x800'3dfd         Code  Wk  startup_stm32f103xb.o [3]
SPI2_IRQHandler          0x800'3e01         Code  Wk  startup_stm32f103xb.o [3]
SVC_Handler              0x800'3a93    0x2  Code  ??  stm32f1xx_it.o [2]
Step1_cnt_from_EXTI     0x2000'1444    0x2  Data  ??  main.o [2]
Step2_cnt_from_EXTI     0x2000'1446    0x2  Data  ??  main.o [2]
SysTick_Config           0x800'19ef   0x30  Code  Lc  stm32f1xx_hal_cortex.o [4]
SysTick_Handler          0x800'3a99    0x8  Code  ??  stm32f1xx_it.o [2]
SystemClock_Config       0x800'1349   0x94  Code  ??  main.o [2]
SystemCoreClock         0x2000'0004    0x4  Data  ??  system_stm32f1xx.o [1]
SystemInit               0x800'3e19    0x2  Code  ??  system_stm32f1xx.o [1]
TAMPER_IRQHandler        0x800'3d89         Code  Wk  startup_stm32f103xb.o [3]
TIM1_BRK_IRQHandler      0x800'3dd5         Code  Wk  startup_stm32f103xb.o [3]
TIM1_CC_IRQHandler       0x800'3de1         Code  Wk  startup_stm32f103xb.o [3]
TIM1_TRG_COM_IRQHandler
                         0x800'3ddd         Code  Wk  startup_stm32f103xb.o [3]
TIM1_UP_IRQHandler       0x800'3dd9         Code  Wk  startup_stm32f103xb.o [3]
TIM2_IRQHandler          0x800'3de5         Code  Wk  startup_stm32f103xb.o [3]
TIM3_IRQHandler          0x800'3de9         Code  Wk  startup_stm32f103xb.o [3]
TIM4_IRQHandler          0x800'3acf   0xb0  Code  ??  stm32f1xx_it.o [2]
TIM_Base_SetConfig       0x800'084f   0x68  Code  ??  stm32f1xx_hal_tim.o [4]
TIM_CCxChannelCmd        0x800'0a95   0x22  Code  ??  stm32f1xx_hal_tim.o [4]
TIM_ETR_SetConfig        0x800'0a7f   0x16  Code  ??  stm32f1xx_hal_tim.o [4]
TIM_ITRx_SetConfig       0x800'0a6f   0x10  Code  Lc  stm32f1xx_hal_tim.o [4]
TIM_OC1_SetConfig        0x800'08b7   0x5a  Code  Lc  stm32f1xx_hal_tim.o [4]
TIM_OC2_SetConfig        0x800'0911   0x62  Code  ??  stm32f1xx_hal_tim.o [4]
TIM_OC3_SetConfig        0x800'0973   0x60  Code  Lc  stm32f1xx_hal_tim.o [4]
TIM_OC4_SetConfig        0x800'09d3   0x46  Code  Lc  stm32f1xx_hal_tim.o [4]
TIM_TI1_ConfigInputStage
                         0x800'0a25   0x24  Code  Lc  stm32f1xx_hal_tim.o [4]
TIM_TI2_ConfigInputStage
                         0x800'0a49   0x26  Code  Lc  stm32f1xx_hal_tim.o [4]
UART_DMAAbortOnError     0x800'37f9   0x16  Code  Lc  stm32f1xx_hal_uart.o [4]
UART_EndRxTransfer       0x800'378f   0x66  Code  Lc  stm32f1xx_hal_uart.o [4]
UART_EndTransmit_IT      0x800'3877   0x20  Code  Lc  stm32f1xx_hal_uart.o [4]
UART_Receive_IT          0x800'3897   0xf6  Code  Lc  stm32f1xx_hal_uart.o [4]
UART_SetConfig           0x800'398d   0xd6  Code  Lc  stm32f1xx_hal_uart.o [4]
UART_Transmit_IT         0x800'3811   0x66  Code  Lc  stm32f1xx_hal_uart.o [4]
USART1_IRQHandler        0x800'3b7f    0xa  Code  ??  stm32f1xx_it.o [2]
USART2_IRQHandler        0x800'3e05         Code  Wk  startup_stm32f103xb.o [3]
USART3_IRQHandler        0x800'3e09         Code  Wk  startup_stm32f103xb.o [3]
USBWakeUp_IRQHandler     0x800'3e15         Code  Wk  startup_stm32f103xb.o [3]
USB_HP_CAN1_TX_IRQHandler
                         0x800'3dc5         Code  Wk  startup_stm32f103xb.o [3]
USB_LP_CAN1_RX0_IRQHandler
                         0x800'3dc9         Code  Wk  startup_stm32f103xb.o [3]
UsageFault_Handler       0x800'3a91    0x2  Code  ??  stm32f1xx_it.o [2]
WWDG_IRQHandler          0x800'3d81         Code  Wk  startup_stm32f103xb.o [3]
__NVIC_EnableIRQ         0x800'1965   0x1e  Code  Lc  stm32f1xx_hal_cortex.o [4]
__NVIC_GetPriorityGrouping
                         0x800'195b    0xa  Code  Lc  stm32f1xx_hal_cortex.o [4]
__NVIC_SetPriority       0x800'1983   0x2c  Code  Lc  stm32f1xx_hal_cortex.o [4]
__NVIC_SetPriorityGrouping
                         0x800'193d   0x1e  Code  Lc  stm32f1xx_hal_cortex.o [4]
__aeabi_memset           0x800'0ecd         Code  ??  ABImemset.o [6]
__cmain                  0x800'3ce1         Code  ??  cmain.o [6]
__exit                   0x800'3d15         Code  ??  XXexit.o [6]
__iar_Memset             0x800'0ecd         Code  ??  ABImemset.o [6]
__iar_Memset_word        0x800'0ed5         Code  ??  ABImemset.o [6]
__iar_copy_init3         0x800'0ab7   0x2a  Code  ??  copy_init3.o [6]
__iar_data_init3         0x800'3c91   0x18  Code  ??  data_init.o [6]
__iar_program_start      0x800'3d21         Code  ??  cstartup_M.o [6]
__iar_zero_init3         0x800'3c59   0x38  Code  ??  zero_init3.o [6]
__low_level_init         0x800'3cff    0x4  Code  ??  low_level_init.o [5]
__vector_table           0x800'0000         Data  ??  startup_stm32f103xb.o [3]
_call_main               0x800'3ced         Code  ??  cmain.o [6]
_exit                    0x800'3d09         Code  ??  cexit.o [6]
abs                      0x800'2fbd    0x8  Code  Wk  abs.o [5]
dma                     0x2000'1438    0x8  Data  ??  main.o [2]
exit                     0x800'3d03    0x4  Code  ??  exit.o [5]
hadc1                   0x2000'13fc   0x30  Data  ??  adc.o [2]
hdma_adc1               0x2000'13b8   0x44  Data  ??  adc.o [2]
hiwdg                   0x2000'142c    0xc  Data  ??  iwdg.o [2]
htim1                   0x2000'1250   0x48  Data  ??  tim.o [2]
htim2                   0x2000'1298   0x48  Data  ??  tim.o [2]
htim3                   0x2000'12e0   0x48  Data  ??  tim.o [2]
htim4                   0x2000'1328   0x48  Data  ??  tim.o [2]
huart1                  0x2000'1370   0x48  Data  ??  usart.o [2]
init_motor               0x800'1511   0xdc  Code  Lc  main.o [2]
init_state              0x2000'1448    0x1  Data  ??  main.o [2]
main                     0x800'0f35  0x414  Code  ??  main.o [2]
tic_count               0x2000'1449    0x1  Data  ??  main.o [2]
update_encoder           0x800'3bb1   0x90  Code  ??  stm32f1xx_it.o [2]
uwTick                  0x2000'1440    0x4  Data  ??  stm32f1xx_hal.o [4]
uwTickFreq              0x2000'0008    0x1  Data  ??  stm32f1xx_hal.o [4]
uwTickPrio              0x2000'0000    0x4  Data  ??  stm32f1xx_hal.o [4]


[1] = C:\Users\user\Documents\servodrive\V2\EWARM\DC_servodrive_v2\Obj\CMSIS_6603591812247902717.dir
[2] = C:\Users\user\Documents\servodrive\V2\EWARM\DC_servodrive_v2\Obj\Core_13247989168731456611.dir
[3] = C:\Users\user\Documents\servodrive\V2\EWARM\DC_servodrive_v2\Obj\EWARM_18443280873093131863.dir
[4] = C:\Users\user\Documents\servodrive\V2\EWARM\DC_servodrive_v2\Obj\STM32F1xx_HAL_Driver_9701002599162248031.dir
[5] = dl7M_tlf.a
[6] = rt7M_tl.a

  15'806 bytes of readonly  code memory
      92 bytes of readonly  data memory
   6'215 bytes of readwrite data memory

Errors: none
Warnings: none
